Loaded server: D:\StudyFlow\app\backend\youtube\server.py
Imported time module: <module 'time' (built-in)>
============================================================
D:\StudyFlow\app\backend\youtube\server.py
============================================================
========================================
StudyFlow Backend Started
========================================
Lecture Volume : 30
Music Volume   : 80
Fade Time      : 0.01 s
Fade Steps     : 20
 * Serving Flask app 'server'
 * Debug mode: off
WARNING: This is a development server. Do not use it in a production deployment. Use a production WSGI server instead.
 * Running on http://127.0.0.1:5000
Press CTRL+C to quit
Play received
127.0.0.1 - - [22/Jul/2026 19:44:34] "POST /play HTTP/1.1" 200 -
30% -> VLC 76
30% -> VLC 76
30% -> VLC 76
30% -> VLC 76
30% -> VLC 76
30% -> VLC 76
30% -> VLC 76
30% -> VLC 76
30% -> VLC 76
30% -> VLC 76
30% -> VLC 76
30% -> VLC 76
30% -> VLC 76
30% -> VLC 76
30% -> VLC 76
30% -> VLC 76
30% -> VLC 76
30% -> VLC 76
30% -> VLC 76
30% -> VLC 76
Pause endpoint reached
Config: {'vlc_password': 'mypassword', 'vlc_url': 'http://mypassword@127.0.0.1:8080/requests/status.json', 'playing_volume': 30, 'paused_volume': 80, 'fade_time': 0.01, 'fade_steps': 20, 'ignore_pause_ms': 0, 'backend_port': 5000, 'auto_launch_vlc': True, 'auto_open_http': True, 'auto_start_backend': True}
Timer started
127.0.0.1 - - [22/Jul/2026 19:44:35] "POST /pause HTTP/1.1" 200 -
Pause received
32% -> VLC 81
35% -> VLC 89
37% -> VLC 94
40% -> VLC 102
42% -> VLC 107
45% -> VLC 115
47% -> VLC 120
50% -> VLC 128
52% -> VLC 133
55% -> VLC 140
57% -> VLC 145
60% -> VLC 153
62% -> VLC 158
65% -> VLC 166
67% -> VLC 171
70% -> VLC 179
72% -> VLC 184
75% -> VLC 192
77% -> VLC 197
80% -> VLC 204
Play received
127.0.0.1 - - [22/Jul/2026 19:44:38] "POST /play HTTP/1.1" 200 -
77% -> VLC 197
75% -> VLC 192
72% -> VLC 184
70% -> VLC 179
67% -> VLC 171
65% -> VLC 166
62% -> VLC 158
60% -> VLC 153
57% -> VLC 145
55% -> VLC 140
52% -> VLC 133
50% -> VLC 128
47% -> VLC 120
45% -> VLC 115
42% -> VLC 107
40% -> VLC 102
37% -> VLC 94
35% -> VLC 89
32% -> VLC 81
30% -> VLC 76
Pause endpoint reached
Config: {'vlc_password': 'mypassword', 'vlc_url': 'http://mypassword@127.0.0.1:8080/requests/status.json', 'playing_volume': 30, 'paused_volume': 80, 'fade_time': 0.01, 'fade_steps': 20, 'ignore_pause_ms': 0, 'backend_port': 5000, 'auto_launch_vlc': True, 'auto_open_http': True, 'auto_start_backend': True}
Timer started
127.0.0.1 - - [22/Jul/2026 19:44:41] "POST /pause HTTP/1.1" 200 -
Pause received
32% -> VLC 81
35% -> VLC 89
37% -> VLC 94
40% -> VLC 102
42% -> VLC 107
45% -> VLC 115
47% -> VLC 120
50% -> VLC 128
52% -> VLC 133
55% -> VLC 140
57% -> VLC 145
60% -> VLC 153
62% -> VLC 158
65% -> VLC 166
67% -> VLC 171
70% -> VLC 179
72% -> VLC 184
Play received
Fade cancelled
69% -> VLC 176
127.0.0.1 - - [22/Jul/2026 19:44:42] "POST /play HTTP/1.1" 200 -
67% -> VLC 171
65% -> VLC 166
63% -> VLC 161
61% -> VLC 156
59% -> VLC 151
57% -> VLC 145
55% -> VLC 140
53% -> VLC 135
51% -> VLC 130
48% -> VLC 122
46% -> VLC 117
44% -> VLC 112
42% -> VLC 107
40% -> VLC 102
38% -> VLC 97
36% -> VLC 92
34% -> VLC 87
32% -> VLC 81
30% -> VLC 76
Pause endpoint reached
Config: {'vlc_password': 'mypassword', 'vlc_url': 'http://mypassword@127.0.0.1:8080/requests/status.json', 'playing_volume': 30, 'paused_volume': 80, 'fade_time': 0.01, 'fade_steps': 20, 'ignore_pause_ms': 0, 'backend_port': 5000, 'auto_launch_vlc': True, 'auto_open_http': True, 'auto_start_backend': True}
Timer started
127.0.0.1 - - [22/Jul/2026 19:44:43] "POST /pause HTTP/1.1" 200 -
Pause received
32% -> VLC 81
35% -> VLC 89
37% -> VLC 94
40% -> VLC 102
42% -> VLC 107
45% -> VLC 115
47% -> VLC 120
50% -> VLC 128
52% -> VLC 133
55% -> VLC 140
57% -> VLC 145
60% -> VLC 153
62% -> VLC 158
65% -> VLC 166
67% -> VLC 171
70% -> VLC 179
72% -> VLC 184
75% -> VLC 192
77% -> VLC 197
80% -> VLC 204
Play received
127.0.0.1 - - [22/Jul/2026 19:44:46] "POST /play HTTP/1.1" 200 -
77% -> VLC 197
75% -> VLC 192
72% -> VLC 184
70% -> VLC 179
67% -> VLC 171
65% -> VLC 166
62% -> VLC 158
60% -> VLC 153
57% -> VLC 145
55% -> VLC 140
52% -> VLC 133
50% -> VLC 128
47% -> VLC 120
45% -> VLC 115
42% -> VLC 107
40% -> VLC 102
37% -> VLC 94
35% -> VLC 89
32% -> VLC 81
30% -> VLC 76
